2025-11-04 20:28:53,733 - __main__ - INFO - Using device: cpu
2025-11-04 20:28:53,733 - __main__ - INFO - Loading and preprocessing data from parquet files...
2025-11-04 20:28:53,733 - src.data_loader - INFO - Loading parquet files...
2025-11-04 20:30:12,978 - src.data_loader - INFO - Raw train data shape: (1000000, 374)
2025-11-04 20:30:12,979 - src.data_loader - INFO - Raw test data shape: (1000000, 374)
2025-11-04 20:30:12,979 - src.data_loader - INFO - Cleaning data from infinite and NaN values...
2025-11-04 20:30:15,778 - src.data_loader - INFO - Found 920676 infinite values and 242348 NaN values before cleaning
2025-11-04 20:30:41,954 - src.data_loader - INFO - After cleaning: 0 infinite values and 0 NaN values
2025-11-04 20:30:41,965 - src.data_loader - INFO - Cleaning data from infinite and NaN values...
2025-11-04 20:30:44,713 - src.data_loader - INFO - Found 898136 infinite values and 219850 NaN values before cleaning
2025-11-04 20:31:11,004 - src.data_loader - INFO - After cleaning: 0 infinite values and 0 NaN values
2025-11-04 20:31:11,024 - src.data_loader - INFO - Validating train data...
2025-11-04 20:31:17,930 - src.data_loader - INFO - Validating test data...
2025-11-04 20:31:26,166 - src.data_loader - INFO - Using 370 features
2025-11-04 20:31:26,166 - src.data_loader - INFO - First 10 features: ['cat_viewed_cnt_1m', 'cat_activated_cnt_1m', 'cat_activated_cr_1m', 'cat_viewed_ratio_1m', 'cat_activated_ratio_1m', 'cat_activated_cr_ratio_1m', 'cat_viewed_cnt_3m', 'cat_activated_cnt_3m', 'cat_activated_cr_3m', 'cat_viewed_ratio_3m']
2025-11-04 20:31:29,268 - src.data_loader - INFO - Train class distribution: {0: 519905, 1: 480095}
2025-11-04 20:31:29,268 - src.data_loader - INFO - Test class distribution: {0: 524551, 1: 475449}
2025-11-04 20:31:29,268 - src.data_loader - INFO - Final data validation before scaling...
2025-11-04 20:31:29,268 - src.data_loader - INFO - Validating X_train data...
2025-11-04 20:31:38,118 - src.data_loader - INFO - Validating X_test data...
2025-11-04 20:31:46,281 - src.data_loader - INFO - Scaling features...
2025-11-04 20:31:55,274 - src.data_loader - INFO - Feature scaling completed successfully
2025-11-04 20:31:55,274 - src.data_loader - ERROR - Scaling failed: name 'joblib' is not defined
2025-11-04 20:31:55,274 - src.data_loader - INFO - Trying alternative scaling approach...
2025-11-04 20:32:33,996 - src.data_loader - INFO - Alternative scaling completed
2025-11-04 20:32:38,405 - src.data_loader - INFO - Final train shape: (800000, 370)
2025-11-04 20:32:38,406 - src.data_loader - INFO - Validation shape: (200000, 370)
2025-11-04 20:32:38,406 - src.data_loader - INFO - Test shape: (1000000, 370)
2025-11-04 20:32:39,521 - src.data_loader - INFO - X_train_final - Inf: False, NaN: False, Range: [-4.0000, 9.0000], Mean: 0.1535
2025-11-04 20:32:39,843 - src.data_loader - INFO - X_val - Inf: False, NaN: False, Range: [-4.0000, 9.0000], Mean: 0.1529
2025-11-04 20:32:41,336 - src.data_loader - INFO - X_test_scaled - Inf: False, NaN: False, Range: [-4.0000, 10.0000], Mean: 0.1682
2025-11-04 20:32:41,359 - __main__ - INFO - Updated input_dim to: 370
2025-11-04 20:32:42,039 - src.data_loader - INFO - Created data loaders with batch_size=256
2025-11-04 20:32:42,039 - src.data_loader - INFO - Train batches: 3125, Val batches: 782, Test batches: 3907
2025-11-04 20:32:42,039 - __main__ - INFO - Initializing model...
2025-11-04 20:32:42,065 - src.model - INFO - Model initialized with input_dim=370, hidden_layers=[512, 256, 128, 64, 32]
2025-11-04 20:32:42,065 - __main__ - INFO - Model architecture: [512, 256, 128, 64, 32]
2025-11-04 20:32:43,019 - src.trainer - INFO - Starting training...
2025-11-04 20:32:43,020 - src.trainer - INFO - Model will be evaluated on 200000 validation samples
2025-11-04 20:32:43,020 - src.trainer - INFO - Target metric: AUC (early stopping patience: 10)
2025-11-04 20:34:51,081 - src.trainer - INFO - ┌────────────────────────────────────────────────────────────┐
2025-11-04 20:34:51,081 - src.trainer - INFO - │ Epoch   1/ 12                                    │
2025-11-04 20:34:51,081 - src.trainer - INFO - ├────────────────────────────────────────────────────────────┤
2025-11-04 20:34:51,081 - src.trainer - INFO - │ Train Loss: 0.5437                                          │
2025-11-04 20:34:51,081 - src.trainer - INFO - │ Validation Metrics:                                      │
2025-11-04 20:34:51,081 - src.trainer - INFO - │   AUC:       0.8124                                          │
2025-11-04 20:34:51,081 - src.trainer - INFO - │   Accuracy:  0.7360                                        │
2025-11-04 20:34:51,082 - src.trainer - INFO - │   Precision: 0.7259                                        │
2025-11-04 20:34:51,082 - src.trainer - INFO - │   Recall:    0.7233                                         │
2025-11-04 20:34:51,082 - src.trainer - INFO - │   F1-Score:  0.7246                                         │
2025-11-04 20:34:51,082 - src.trainer - INFO - │   Loss:      0.5285                                          │
2025-11-04 20:34:51,082 - src.trainer - INFO - └────────────────────────────────────────────────────────────┘
2025-11-04 20:34:51,097 - src.trainer - INFO - New best model saved! AUC: 0.8124
2025-11-04 20:36:22,612 - src.trainer - INFO - ┌────────────────────────────────────────────────────────────┐
2025-11-04 20:36:22,612 - src.trainer - INFO - │ Epoch   2/ 12                                    │
2025-11-04 20:36:22,612 - src.trainer - INFO - ├────────────────────────────────────────────────────────────┤
2025-11-04 20:36:22,612 - src.trainer - INFO - │ Train Loss: 0.5324                                          │
2025-11-04 20:36:22,612 - src.trainer - INFO - │ Validation Metrics:                                      │
2025-11-04 20:36:22,612 - src.trainer - INFO - │   AUC:       0.8175                                          │
2025-11-04 20:36:22,612 - src.trainer - INFO - │   Accuracy:  0.7413                                        │
2025-11-04 20:36:22,613 - src.trainer - INFO - │   Precision: 0.7330                                        │
2025-11-04 20:36:22,613 - src.trainer - INFO - │   Recall:    0.7253                                         │
2025-11-04 20:36:22,613 - src.trainer - INFO - │   F1-Score:  0.7291                                         │
2025-11-04 20:36:22,613 - src.trainer - INFO - │   Loss:      0.5227                                          │
2025-11-04 20:36:22,613 - src.trainer - INFO - └────────────────────────────────────────────────────────────┘
2025-11-04 20:36:22,629 - src.trainer - INFO - New best model saved! AUC: 0.8175
2025-11-04 20:37:29,407 - src.trainer - INFO - ┌────────────────────────────────────────────────────────────┐
2025-11-04 20:37:29,407 - src.trainer - INFO - │ Epoch   3/ 12                                    │
2025-11-04 20:37:29,407 - src.trainer - INFO - ├────────────────────────────────────────────────────────────┤
2025-11-04 20:37:29,407 - src.trainer - INFO - │ Train Loss: 0.5292                                          │
2025-11-04 20:37:29,407 - src.trainer - INFO - │ Validation Metrics:                                      │
2025-11-04 20:37:29,407 - src.trainer - INFO - │   AUC:       0.8194                                          │
2025-11-04 20:37:29,407 - src.trainer - INFO - │   Accuracy:  0.7432                                        │
2025-11-04 20:37:29,407 - src.trainer - INFO - │   Precision: 0.7307                                        │
2025-11-04 20:37:29,407 - src.trainer - INFO - │   Recall:    0.7365                                         │
2025-11-04 20:37:29,407 - src.trainer - INFO - │   F1-Score:  0.7336                                         │
2025-11-04 20:37:29,408 - src.trainer - INFO - │   Loss:      0.5208                                          │
2025-11-04 20:37:29,408 - src.trainer - INFO - └────────────────────────────────────────────────────────────┘
2025-11-04 20:37:29,423 - src.trainer - INFO - New best model saved! AUC: 0.8194
2025-11-04 20:38:46,457 - src.trainer - INFO - ┌────────────────────────────────────────────────────────────┐
2025-11-04 20:38:46,457 - src.trainer - INFO - │ Epoch   4/ 12                                    │
2025-11-04 20:38:46,457 - src.trainer - INFO - ├────────────────────────────────────────────────────────────┤
2025-11-04 20:38:46,457 - src.trainer - INFO - │ Train Loss: 0.5271                                          │
2025-11-04 20:38:46,457 - src.trainer - INFO - │ Validation Metrics:                                      │
2025-11-04 20:38:46,457 - src.trainer - INFO - │   AUC:       0.8207                                          │
2025-11-04 20:38:46,457 - src.trainer - INFO - │   Accuracy:  0.7441                                        │
2025-11-04 20:38:46,457 - src.trainer - INFO - │   Precision: 0.7325                                        │
2025-11-04 20:38:46,457 - src.trainer - INFO - │   Recall:    0.7358                                         │
2025-11-04 20:38:46,457 - src.trainer - INFO - │   F1-Score:  0.7341                                         │
2025-11-04 20:38:46,457 - src.trainer - INFO - │   Loss:      0.5197                                          │
2025-11-04 20:38:46,457 - src.trainer - INFO - └────────────────────────────────────────────────────────────┘
2025-11-04 20:38:46,473 - src.trainer - INFO - New best model saved! AUC: 0.8207
2025-11-04 20:40:12,927 - src.trainer - INFO - ┌────────────────────────────────────────────────────────────┐
2025-11-04 20:40:12,927 - src.trainer - INFO - │ Epoch   5/ 12                                    │
2025-11-04 20:40:12,927 - src.trainer - INFO - ├────────────────────────────────────────────────────────────┤
2025-11-04 20:40:12,927 - src.trainer - INFO - │ Train Loss: 0.5255                                          │
2025-11-04 20:40:12,927 - src.trainer - INFO - │ Validation Metrics:                                      │
2025-11-04 20:40:12,927 - src.trainer - INFO - │   AUC:       0.8216                                          │
2025-11-04 20:40:12,927 - src.trainer - INFO - │   Accuracy:  0.7460                                        │
2025-11-04 20:40:12,927 - src.trainer - INFO - │   Precision: 0.7399                                        │
2025-11-04 20:40:12,927 - src.trainer - INFO - │   Recall:    0.7262                                         │
2025-11-04 20:40:12,927 - src.trainer - INFO - │   F1-Score:  0.7330                                         │
2025-11-04 20:40:12,927 - src.trainer - INFO - │   Loss:      0.5186                                          │
2025-11-04 20:40:12,927 - src.trainer - INFO - └────────────────────────────────────────────────────────────┘
2025-11-04 20:40:12,943 - src.trainer - INFO - New best model saved! AUC: 0.8216
2025-11-04 20:41:24,717 - src.trainer - INFO - ┌────────────────────────────────────────────────────────────┐
2025-11-04 20:41:24,718 - src.trainer - INFO - │ Epoch   6/ 12                                    │
2025-11-04 20:41:24,718 - src.trainer - INFO - ├────────────────────────────────────────────────────────────┤
2025-11-04 20:41:24,718 - src.trainer - INFO - │ Train Loss: 0.5240                                          │
2025-11-04 20:41:24,718 - src.trainer - INFO - │ Validation Metrics:                                      │
2025-11-04 20:41:24,718 - src.trainer - INFO - │   AUC:       0.8218                                          │
2025-11-04 20:41:24,718 - src.trainer - INFO - │   Accuracy:  0.7463                                        │
2025-11-04 20:41:24,718 - src.trainer - INFO - │   Precision: 0.7373                                        │
2025-11-04 20:41:24,718 - src.trainer - INFO - │   Recall:    0.7325                                         │
2025-11-04 20:41:24,718 - src.trainer - INFO - │   F1-Score:  0.7349                                         │
2025-11-04 20:41:24,718 - src.trainer - INFO - │   Loss:      0.5183                                          │
2025-11-04 20:41:24,718 - src.trainer - INFO - └────────────────────────────────────────────────────────────┘
2025-11-04 20:41:24,733 - src.trainer - INFO - New best model saved! AUC: 0.8218
2025-11-04 20:43:07,827 - src.trainer - INFO - ┌────────────────────────────────────────────────────────────┐
2025-11-04 20:43:07,828 - src.trainer - INFO - │ Epoch   7/ 12                                    │
2025-11-04 20:43:07,828 - src.trainer - INFO - ├────────────────────────────────────────────────────────────┤
2025-11-04 20:43:07,828 - src.trainer - INFO - │ Train Loss: 0.5232                                          │
2025-11-04 20:43:07,828 - src.trainer - INFO - │ Validation Metrics:                                      │
2025-11-04 20:43:07,828 - src.trainer - INFO - │   AUC:       0.8226                                          │
2025-11-04 20:43:07,828 - src.trainer - INFO - │   Accuracy:  0.7455                                        │
2025-11-04 20:43:07,828 - src.trainer - INFO - │   Precision: 0.7491                                        │
2025-11-04 20:43:07,828 - src.trainer - INFO - │   Recall:    0.7066                                         │
2025-11-04 20:43:07,828 - src.trainer - INFO - │   F1-Score:  0.7272                                         │
2025-11-04 20:43:07,828 - src.trainer - INFO - │   Loss:      0.5168                                          │
2025-11-04 20:43:07,828 - src.trainer - INFO - └────────────────────────────────────────────────────────────┘
2025-11-04 20:43:07,844 - src.trainer - INFO - New best model saved! AUC: 0.8226
2025-11-04 20:44:15,019 - src.trainer - INFO - ┌────────────────────────────────────────────────────────────┐
2025-11-04 20:44:15,019 - src.trainer - INFO - │ Epoch   8/ 12                                    │
2025-11-04 20:44:15,019 - src.trainer - INFO - ├────────────────────────────────────────────────────────────┤
2025-11-04 20:44:15,019 - src.trainer - INFO - │ Train Loss: 0.5222                                          │
2025-11-04 20:44:15,019 - src.trainer - INFO - │ Validation Metrics:                                      │
2025-11-04 20:44:15,019 - src.trainer - INFO - │   AUC:       0.8229                                          │
2025-11-04 20:44:15,020 - src.trainer - INFO - │   Accuracy:  0.7460                                        │
2025-11-04 20:44:15,020 - src.trainer - INFO - │   Precision: 0.7461                                        │
2025-11-04 20:44:15,020 - src.trainer - INFO - │   Recall:    0.7139                                         │
2025-11-04 20:44:15,020 - src.trainer - INFO - │   F1-Score:  0.7296                                         │
2025-11-04 20:44:15,020 - src.trainer - INFO - │   Loss:      0.5169                                          │
2025-11-04 20:44:15,020 - src.trainer - INFO - └────────────────────────────────────────────────────────────┘
2025-11-04 20:44:15,036 - src.trainer - INFO - New best model saved! AUC: 0.8229
2025-11-04 20:45:25,974 - src.trainer - INFO - ┌────────────────────────────────────────────────────────────┐
2025-11-04 20:45:25,974 - src.trainer - INFO - │ Epoch   9/ 12                                    │
2025-11-04 20:45:25,974 - src.trainer - INFO - ├────────────────────────────────────────────────────────────┤
2025-11-04 20:45:25,974 - src.trainer - INFO - │ Train Loss: 0.5216                                          │
2025-11-04 20:45:25,974 - src.trainer - INFO - │ Validation Metrics:                                      │
2025-11-04 20:45:25,974 - src.trainer - INFO - │   AUC:       0.8232                                          │
2025-11-04 20:45:25,974 - src.trainer - INFO - │   Accuracy:  0.7458                                        │
2025-11-04 20:45:25,974 - src.trainer - INFO - │   Precision: 0.7537                                        │
2025-11-04 20:45:25,975 - src.trainer - INFO - │   Recall:    0.6990                                         │
2025-11-04 20:45:25,975 - src.trainer - INFO - │   F1-Score:  0.7253                                         │
2025-11-04 20:45:25,975 - src.trainer - INFO - │   Loss:      0.5169                                          │
2025-11-04 20:45:25,975 - src.trainer - INFO - └────────────────────────────────────────────────────────────┘
2025-11-04 20:45:25,990 - src.trainer - INFO - New best model saved! AUC: 0.8232
2025-11-04 20:47:04,510 - src.trainer - INFO - ┌────────────────────────────────────────────────────────────┐
2025-11-04 20:47:04,511 - src.trainer - INFO - │ Epoch  10/ 12                                    │
2025-11-04 20:47:04,511 - src.trainer - INFO - ├────────────────────────────────────────────────────────────┤
2025-11-04 20:47:04,511 - src.trainer - INFO - │ Train Loss: 0.5211                                          │
2025-11-04 20:47:04,511 - src.trainer - INFO - │ Validation Metrics:                                      │
2025-11-04 20:47:04,511 - src.trainer - INFO - │   AUC:       0.8232                                          │
2025-11-04 20:47:04,511 - src.trainer - INFO - │   Accuracy:  0.7472                                        │
2025-11-04 20:47:04,511 - src.trainer - INFO - │   Precision: 0.7408                                        │
2025-11-04 20:47:04,511 - src.trainer - INFO - │   Recall:    0.7283                                         │
2025-11-04 20:47:04,511 - src.trainer - INFO - │   F1-Score:  0.7345                                         │
2025-11-04 20:47:04,511 - src.trainer - INFO - │   Loss:      0.5162                                          │
2025-11-04 20:47:04,511 - src.trainer - INFO - └────────────────────────────────────────────────────────────┘
2025-11-04 20:47:04,511 - src.trainer - INFO - Early stopping counter: 1/10
2025-11-04 20:48:34,815 - src.trainer - INFO - ┌────────────────────────────────────────────────────────────┐
2025-11-04 20:48:34,816 - src.trainer - INFO - │ Epoch  11/ 12                                    │
2025-11-04 20:48:34,816 - src.trainer - INFO - ├────────────────────────────────────────────────────────────┤
2025-11-04 20:48:34,816 - src.trainer - INFO - │ Train Loss: 0.5208                                          │
2025-11-04 20:48:34,816 - src.trainer - INFO - │ Validation Metrics:                                      │
2025-11-04 20:48:34,816 - src.trainer - INFO - │   AUC:       0.8232                                          │
2025-11-04 20:48:34,816 - src.trainer - INFO - │   Accuracy:  0.7467                                        │
2025-11-04 20:48:34,816 - src.trainer - INFO - │   Precision: 0.7467                                        │
2025-11-04 20:48:34,816 - src.trainer - INFO - │   Recall:    0.7150                                         │
2025-11-04 20:48:34,816 - src.trainer - INFO - │   F1-Score:  0.7305                                         │
2025-11-04 20:48:34,816 - src.trainer - INFO - │   Loss:      0.5161                                          │
2025-11-04 20:48:34,816 - src.trainer - INFO - └────────────────────────────────────────────────────────────┘
2025-11-04 20:48:34,816 - src.trainer - INFO - Early stopping counter: 2/10
2025-11-04 20:49:42,614 - src.trainer - INFO - ┌────────────────────────────────────────────────────────────┐
2025-11-04 20:49:42,614 - src.trainer - INFO - │ Epoch  12/ 12                                    │
2025-11-04 20:49:42,614 - src.trainer - INFO - ├────────────────────────────────────────────────────────────┤
2025-11-04 20:49:42,614 - src.trainer - INFO - │ Train Loss: 0.5201                                          │
2025-11-04 20:49:42,614 - src.trainer - INFO - │ Validation Metrics:                                      │
2025-11-04 20:49:42,614 - src.trainer - INFO - │   AUC:       0.8237                                          │
2025-11-04 20:49:42,614 - src.trainer - INFO - │   Accuracy:  0.7473                                        │
2025-11-04 20:49:42,615 - src.trainer - INFO - │   Precision: 0.7490                                        │
2025-11-04 20:49:42,615 - src.trainer - INFO - │   Recall:    0.7122                                         │
2025-11-04 20:49:42,615 - src.trainer - INFO - │   F1-Score:  0.7301                                         │
2025-11-04 20:49:42,615 - src.trainer - INFO - │   Loss:      0.5159                                          │
2025-11-04 20:49:42,615 - src.trainer - INFO - └────────────────────────────────────────────────────────────┘
2025-11-04 20:49:42,630 - src.trainer - INFO - New best model saved! AUC: 0.8237
2025-11-04 20:49:42,630 - src.trainer - INFO - ✅ Training completed in 1019.61 seconds (16.99 minutes)
2025-11-04 20:49:42,630 - src.trainer - INFO - Best validation AUC: 0.8237
2025-11-04 20:49:42,651 - __main__ - INFO - Evaluating on test set...
2025-11-04 20:50:02,149 - src.validator - INFO -
2025-11-04 20:50:02,149 - src.validator - INFO - ======================================================================
2025-11-04 20:50:02,149 - src.validator - INFO - TEST SET EVALUATION RESULTS
2025-11-04 20:50:02,150 - src.validator - INFO - ======================================================================
2025-11-04 20:50:02,150 - src.validator - INFO - METRICS:
2025-11-04 20:50:02,150 - src.validator - INFO - ├─ AUC:       0.7971
2025-11-04 20:50:02,150 - src.validator - INFO - ├─ Accuracy:  0.7230
2025-11-04 20:50:02,150 - src.validator - INFO - ├─ Precision: 0.7206
2025-11-04 20:50:02,150 - src.validator - INFO - ├─ Recall:    0.6815
2025-11-04 20:50:02,150 - src.validator - INFO - └─ F1-Score:  0.7005
2025-11-04 20:50:02,150 - src.validator - INFO -
2025-11-04 20:50:02,150 - src.validator - INFO - CONFUSION MATRIX:
2025-11-04 20:50:02,150 - src.validator - INFO - ┌─────────────┬─────────────┐
2025-11-04 20:50:02,150 - src.validator - INFO - │             │   Predicted │
2025-11-04 20:50:02,150 - src.validator - INFO - │             ├──────┬──────┤
2025-11-04 20:50:02,150 - src.validator - INFO - │             │   0  │   1  │
2025-11-04 20:50:02,150 - src.validator - INFO - ├─────────────┼──────┼──────┤
2025-11-04 20:50:02,150 - src.validator - INFO - │ Actual   0  │ 398932 │ 125619 │
2025-11-04 20:50:02,150 - src.validator - INFO - │         1  │ 151411 │ 324038 │
2025-11-04 20:50:02,150 - src.validator - INFO - └─────────────┴──────┴──────┘
2025-11-04 20:50:02,150 - src.validator - INFO -
2025-11-04 20:50:02,150 - src.validator - INFO - CLASSIFICATION REPORT:
2025-11-04 20:50:02,150 - src.validator - INFO - Macro Avg: precision=0.723, recall=0.721, f1=0.721
2025-11-04 20:50:02,150 - src.validator - INFO - Weighted Avg: precision=0.723, recall=0.723, f1=0.722
2025-11-04 20:50:03,711 - src.validator - INFO - Model saved to model_weights.pth
2025-11-04 20:50:03,711 - __main__ - INFO -
2025-11-04 20:50:03,711 - __main__ - INFO - ==================================================
2025-11-04 20:50:03,712 - __main__ - INFO - TRAINING COMPLETED SUCCESSFULLY!
2025-11-04 20:50:03,712 - __main__ - INFO - ==================================================
2025-11-04 20:50:03,712 - __main__ - INFO - Best Validation AUC: 0.8237
2025-11-04 20:50:03,712 - __main__ - INFO - Test AUC: 0.7971
2025-11-04 20:50:03,712 - __main__ - INFO - Test Accuracy: 0.7230
2025-11-04 20:50:03,712 - __main__ - INFO - Test F1-Score: 0.7005
